=====================================================================
== C:\Program Files (x86)\Steam\steamapps\common\DayZ\DayZDiag_x64.exe
== "C:\Program "-mod=P:\Mods\@CF;P:\Mods\@Dabs Framework;P:\Mods\@Community-Online-Tools;P:\Mods\Mod-Name;" -filePatching -server "-profiles=E:\2024 Projects\DayZ Projects\DayZ-Project-Template\Servers\Others\Empty\Profiles" "-mission=E:\2024 Projects\DayZ Projects\DayZ-Project-Template\Missions\Custom\Empty\empty.fenix" "-config=E:\2024 Projects\DayZ Projects\DayZ-Project-Template\Servers\Others\Empty\serverDZ.cfg" 
=====================================================================
Exe timestamp: 2024/03/21 15:54:13
Current time:  2024/04/06 20:03:29
Version 1.24.157623
=====================================================================

20:03:29.365 [Inputs] Loading inputs default "bin/constants.xml"
20:03:29.377 [Inputs] Loading inputs default "bin/specific.xml"
20:03:29.378 [Inputs] Loading inputs default "JM/COT/Scripts/Data/Inputs.xml"
20:03:29.378 [Inputs] Loading inputs cfg "E:\2024 Projects\DayZ Projects\DayZ-Project-Template\Servers\Others\Empty\Profiles\Users\Survivor\Server.core.xml"
20:03:29.383 [Inputs] Exporting inputs cfg "E:\2024 Projects\DayZ Projects\DayZ-Project-Template\Servers\Others\Empty\Profiles\Users\Survivor\Server.core.xml"
note: Minidump has been generated into the file E:\2024 Projects\DayZ Projects\DayZ-Project-Template\Servers\Others\Empty\Profiles\DayZDiag_x64_2024-04-06_20-03-27_2024-04-06_20-03-39.mdmp
===ErrorMessage====>>>>>>BEG
===ErrorMessage====>>>>>>END
